// Jest Snapshot v1, https://goo.gl/fbAQLP

exports[`should render backdrop correctly 1`] = `
<div
  className="backdrop"
  onClick={[MockFunction]}
/>
`;
