// Jest Snapshot v1, https://goo.gl/fbAQLP

exports[`should render drawer button correctly 1`] = `
<button
  className="toggle-button"
  onClick={[MockFunction]}
>
  <div
    className="toggle-button__line"
  />
  <div
    className="toggle-button__line"
  />
  <div
    className="toggle-button__line"
  />
</button>
`;
